<?xml version='1.0' encoding='UTF-8'?>
<?metadata version='0.0.4'?>
<su id='com.ibm.wsrr.server.client' version='8.5.5000.20150501-1051' iuCount='2'>
  <selector id='main'/>
  <iu id='wsrr.server.client' version='8.5.5000.20150501-1051' adapterId='native'>
    <selectedBy id='main'/>
    <adapterSpecificData>
      <perform duringPhases='install'>
        <mkdir
          dir='${profile:installLocation}/WSRR'/>
      </perform>
      <zip
        key='artifact:/native/WSRR-client/8.5.5000.20150501-1051'
        destination='WSRR' downloadSize='17904783' installSize='31300725'/>
    </adapterSpecificData>
  </iu>
  <iu id='wsrr.server.admin' version='8.5.5000.20150501-1051' adapterId='native'>
    <selectedBy id='main'/>
    <adapterSpecificData>
      <perform duringPhases='install'>
        <mkdir
          dir='${profile:installLocation}/WSRR'/>
      </perform>
      <zip
        key='artifact:/native/WSRR-admin/8.5.5000.20150501-1051'
        destination='WSRR' downloadSize='2074615' installSize='2870887'/>
    </adapterSpecificData>
  </iu>
</su>
