<?xml version='1.0' encoding='UTF-8'?>
<?metadata version='0.0.4'?>
<su id='com.ibm.wsrr.server.eclipse' version='8.5.5000.20150501-1051' iuCount='3'>
  <selector id='main'/>
  <iu id='wsrr.server.eclipse.plugin' version='8.5.5000.20150501-1051' adapterId='native'>
    <selectedBy id='main'/>
    <adapterSpecificData>
      <perform duringPhases='install'>
        <mkdir
          dir='${profile:installLocation}/WSRR'/>
      </perform>
      <zip
        key='artifact:/native/WSRR-eclipse/8.5.5000.20150501-1051'
        destination='WSRR' downloadSize='48584782' installSize='48570196'/>
    </adapterSpecificData>
  </iu>
  <iu id='wsrr.server.eclipse.sun6' version='8.5.5000.20150501-1051' adapterId='native'>
    <selectedBy id='main'/>
    <adapterSpecificData>
      <perform duringPhases='install'>
        <mkdir
          dir='${profile:installLocation}/WSRR'/>
      </perform>
      <zip
        key='artifact:/native/WSRR-eclipse_sun6/8.5.5000.20150501-1051'
        destination='WSRR' downloadSize='40859603' installSize='40847493'/>
    </adapterSpecificData>
  </iu>
  <iu id='wsrr.server.eclipse.reporting' version='8.5.5000.20150501-1051' adapterId='native'>
    <selectedBy id='main'/>
    <adapterSpecificData>
      <perform duringPhases='install'>
        <mkdir
          dir='${profile:installLocation}/WSRR'/>
      </perform>
      <zip
        key='artifact:/native/WSRR-reporting/8.5.5000.20150501-1051'
        destination='WSRR' downloadSize='496959' installSize='498966'/>
    </adapterSpecificData>
  </iu>
</su>
