<?xml version='1.0' encoding='UTF-8'?>
<?metadata version='0.0.4'?>
<su id='com.ibm.wsrr.server.install' version='8.5.5000.20150501-1051' iuCount='4'>
  <selector id='main'/>
  <iu id='wsrr.server.install.pmt' version='8.5.5000.20150501-1051' adapterId='native'>
    <selectedBy id='main'/>
    <adapterSpecificData>
      <zip
        key='artifact:/native/WSRR-pmt/8.5.5000.20150501-1051'
        destination='.' downloadSize='346962' installSize='389908'/>
    </adapterSpecificData>
  </iu>
  <iu id='wsrr.server.install.install' version='8.5.5000.20150501-1051' adapterId='native'>
    <selectedBy id='main'/>
    <adapterSpecificData>
      <zip
        key='artifact:/native/WSRR-install/8.5.5000.20150501-1051'
        destination='.' downloadSize='14010285' installSize='18776947'/>
    </adapterSpecificData>
  </iu>
  <iu id='wsrr.server.install.license' version='8.5.5000.20150501-1051' adapterId='native'>
    <selectedBy id='main'/>
    <adapterSpecificData>
      <zip
        key='artifact:/native/WSRR-license/8.5.5000.20150501-1051'
        destination='.' downloadSize='466480' installSize='1735562'/>
    </adapterSpecificData>
  </iu>
  <iu id='wsrr.server.install.upgrade' version='8.5.5000.20150501-1051' adapterId='native'>
    <selectedBy id='main'/>
    <adapterSpecificData>
      <zip
        key='artifact:/native/WSRR-upgrade/8.5.5000.20150501-1051'
        destination='.' downloadSize='17755' installSize='19838'/>
    </adapterSpecificData>
  </iu>
</su>
