<?xml version='1.0' encoding='UTF-8'?>
<?metadata version='0.0.4'?>
<su id='com.ibm.wsrr.server.isa' version='8.5.5000.20150501-1051' iuCount='2'>
  <selector id='main'/>
  <iu id='wsrr.server.isa.unix' version='8.5.5000.20150501-1051' adapterId='native'>
    <selectedByExpression>
      <and>
        <selectedBy id='main'/>
        <not>
          <selectedBy id='os' value='win32'/>
        </not>
      </and>
    </selectedByExpression>
    <adapterSpecificData>
      <zip
        key='artifact:/native/WSRR-ISA-unix/8.5.5000.20150501-1051'
        destination='.' downloadSize='10218015' installSize='20074470'/>
      <perform duringPhases='install'>
        <chmod perm='a+x' recursive='false'>
          <file>${profile:installLocation}/WSRR/isadc/wsrr/isadc.sh</file>
        </chmod>
      </perform>
    </adapterSpecificData>
  </iu>
  <iu id='wsrr.server.isa.win32' version='8.5.5000.20150501-1051' adapterId='ant'>
    <selectedByExpression>
      <and>
        <selectedBy id='main'/>
        <selectedBy id='os' value='win32'/>
      </and>
    </selectedByExpression>
    <adapterSpecificData>
      <zip
        key='artifact:/native/WSRR-ISA-win32/8.5.5000.20150501-1051'
        destination='.' downloadSize='10222921' installSize='20076070'/>
    </adapterSpecificData>
  </iu>
</su>
